// Jest Snapshot v1, https://goo.gl/fbAQLP

exports[`renders correctly 1`] = `
<textarea
  class="jsx-1612382694 "
  rows="5"
/>
`;
