// Jest Snapshot v1, https://goo.gl/fbAQLP

exports[`should render button with text 1`] = `
<button
  class="filled"
  style="width: auto;"
  type="button"
>
  <div
    class="buttonContent"
  >
    test text
  </div>
</button>
`;
